// Jest Snapshot v1, https://goo.gl/fbAQLP

exports[`matches snapshot 1`] = `
<DocumentFragment>
  <div
    class="Form"
  >
    <div
      class="Form__title"
    >
      <div
        class="Form__list-title"
      >
        Update Profile
      </div>
      <div
        class="Form__divider"
      />
    </div>
    <div
      class="Form__form-container"
    >
      <div
        class="MuiPaper-root MuiPaper-elevation MuiPaper-rounded MuiPaper-elevation3 css-5xxjkm-MuiPaper-root"
      >
        <form
          class="Form"
        >
          <div
            class="Form__box-title"
          >
            Profile Form
          </div>
          <div
            class="Form-group"
          >
            <div
              class="MuiFormControl-root MuiTextField-root Form-input css-nkaxf5-MuiFormControl-root-MuiTextField-root"
            >
              <label
                class="MuiInputLabel-root MuiInputLabel-formControl MuiInputLabel-animated MuiInputLabel-shrink MuiInputLabel-outlined MuiFormLabel-root MuiFormLabel-colorPrimary MuiFormLabel-filled css-1kty9di-MuiFormLabel-root-MuiInputLabel-root"
                data-shrink="true"
                for="firstName"
                id="firstName-label"
              >
                First Name
              </label>
              <div
                class="MuiOutlinedInput-root MuiInputBase-root MuiInputBase-colorPrimary MuiInputBase-formControl css-9ddj71-MuiInputBase-root-MuiOutlinedInput-root"
              >
                <input
                  aria-invalid="false"
                  class="MuiOutlinedInput-input MuiInputBase-input css-1t8l2tu-MuiInputBase-input-MuiOutlinedInput-input"
                  id="firstName"
                  name="firstName"
                  placeholder="  "
                  type="text"
                  value="testfirst1"
                />
                <fieldset
                  aria-hidden="true"
                  class="MuiOutlinedInput-notchedOutline css-1d3z3hw-MuiOutlinedInput-notchedOutline"
                >
                  <legend
                    class="css-1z7n62"
                  >
                    <span>
                      First Name
                    </span>
                  </legend>
                </fieldset>
              </div>
            </div>
          </div>
          <div
            class="Form-group"
          >
            <div
              class="MuiFormControl-root MuiTextField-root Form-input css-nkaxf5-MuiFormControl-root-MuiTextField-root"
            >
              <label
                class="MuiInputLabel-root MuiInputLabel-formControl MuiInputLabel-animated MuiInputLabel-shrink MuiInputLabel-outlined MuiFormLabel-root MuiFormLabel-colorPrimary MuiFormLabel-filled css-1kty9di-MuiFormLabel-root-MuiInputLabel-root"
                data-shrink="true"
                for="lastName"
                id="lastName-label"
              >
                Last Name
              </label>
              <div
                class="MuiOutlinedInput-root MuiInputBase-root MuiInputBase-colorPrimary MuiInputBase-formControl css-9ddj71-MuiInputBase-root-MuiOutlinedInput-root"
              >
                <input
                  aria-invalid="false"
                  class="MuiOutlinedInput-input MuiInputBase-input css-1t8l2tu-MuiInputBase-input-MuiOutlinedInput-input"
                  id="lastName"
                  name="lastName"
                  placeholder="  "
                  type="text"
                  value="testlast1"
                />
                <fieldset
                  aria-hidden="true"
                  class="MuiOutlinedInput-notchedOutline css-1d3z3hw-MuiOutlinedInput-notchedOutline"
                >
                  <legend
                    class="css-1z7n62"
                  >
                    <span>
                      Last Name
                    </span>
                  </legend>
                </fieldset>
              </div>
            </div>
          </div>
          <div
            class="Form-group"
          >
            <div
              class="MuiFormControl-root MuiTextField-root Form-input css-nkaxf5-MuiFormControl-root-MuiTextField-root"
            >
              <label
                class="MuiInputLabel-root MuiInputLabel-formControl MuiInputLabel-animated MuiInputLabel-shrink MuiInputLabel-outlined MuiFormLabel-root MuiFormLabel-colorPrimary MuiFormLabel-filled css-1kty9di-MuiFormLabel-root-MuiInputLabel-root"
                data-shrink="true"
                for="profileImage"
                id="profileImage-label"
              >
                Profile Image
              </label>
              <div
                class="MuiOutlinedInput-root MuiInputBase-root MuiInputBase-colorPrimary MuiInputBase-formControl css-9ddj71-MuiInputBase-root-MuiOutlinedInput-root"
              >
                <input
                  aria-invalid="false"
                  class="MuiOutlinedInput-input MuiInputBase-input css-1t8l2tu-MuiInputBase-input-MuiOutlinedInput-input"
                  id="profileImage"
                  name="profileImage"
                  placeholder="  "
                  type="text"
                  value="defaultProfile.jpg"
                />
                <fieldset
                  aria-hidden="true"
                  class="MuiOutlinedInput-notchedOutline css-1d3z3hw-MuiOutlinedInput-notchedOutline"
                >
                  <legend
                    class="css-1z7n62"
                  >
                    <span>
                      Profile Image
                    </span>
                  </legend>
                </fieldset>
              </div>
            </div>
          </div>
          <div
            class="MuiFormControl-root css-1p2pgsw-MuiFormControl-root"
          >
            <label
              class="MuiInputLabel-root MuiInputLabel-formControl MuiInputLabel-animated MuiInputLabel-outlined MuiFormLabel-root MuiFormLabel-colorPrimary css-14s5rfu-MuiFormLabel-root-MuiInputLabel-root"
              data-shrink="false"
              for="outlined-adornment-password"
            >
              Enter Current Password
            </label>
            <div
              class="MuiOutlinedInput-root MuiInputBase-root MuiInputBase-colorPrimary MuiInputBase-formControl MuiInputBase-adornedEnd Form-input css-o9k5xi-MuiInputBase-root-MuiOutlinedInput-root"
              required=""
              variant="outlined"
            >
              <input
                aria-invalid="false"
                class="MuiOutlinedInput-input MuiInputBase-input MuiInputBase-inputAdornedEnd css-nxo287-MuiInputBase-input-MuiOutlinedInput-input"
                id="password"
                name="password"
                placeholder="  "
                required=""
                type="password"
                value=""
              />
              <div
                class="MuiInputAdornment-root MuiInputAdornment-positionEnd MuiInputAdornment-outlined MuiInputAdornment-sizeMedium css-1laqsz7-MuiInputAdornment-root"
              >
                <button
                  aria-label="toggle password visibility"
                  class="MuiButtonBase-root MuiIconButton-root MuiIconButton-edgeEnd MuiIconButton-sizeMedium css-1yq5fb3-MuiButtonBase-root-MuiIconButton-root"
                  tabindex="0"
                  type="button"
                >
                  <svg
                    aria-hidden="true"
                    class="MuiSvgIcon-root MuiSvgIcon-fontSizeMedium css-i4bv87-MuiSvgIcon-root"
                    data-testid="VisibilityIcon"
                    focusable="false"
                    viewBox="0 0 24 24"
                  >
                    <path
                      d="M12 4.5C7 4.5 2.73 7.61 1 12c1.73 4.39 6 7.5 11 7.5s9.27-3.11 11-7.5c-1.73-4.39-6-7.5-11-7.5zM12 17c-2.76 0-5-2.24-5-5s2.24-5 5-5 5 2.24 5 5-2.24 5-5 5zm0-8c-1.66 0-3 1.34-3 3s1.34 3 3 3 3-1.34 3-3-1.34-3-3-3z"
                    />
                  </svg>
                  <span
                    class="MuiTouchRipple-root css-8je8zh-MuiTouchRipple-root"
                  />
                </button>
              </div>
              <fieldset
                aria-hidden="true"
                class="MuiOutlinedInput-notchedOutline css-1d3z3hw-MuiOutlinedInput-notchedOutline"
              >
                <legend
                  class="css-173wfxe"
                >
                  <span>
                    Enter Current Password
                  </span>
                </legend>
              </fieldset>
            </div>
          </div>
          <div
            class="Form-group"
            style="text-align: right;"
          >
            <button
              class="MuiLoadingButton-root MuiButton-root MuiButton-contained MuiButton-containedPrimary MuiButton-sizeMedium MuiButton-containedSizeMedium MuiButtonBase-root css-58dpzn-MuiButtonBase-root-MuiButton-root-MuiLoadingButton-root"
              tabindex="0"
              type="submit"
            >
              Update Profile
              <span
                class="MuiTouchRipple-root css-8je8zh-MuiTouchRipple-root"
              />
            </button>
          </div>
        </form>
        <small
          class="Form__footer"
        >
          * Required Fields
        </small>
      </div>
    </div>
  </div>
</DocumentFragment>
`;
